<html>
<body>
<pre>
<h1>礦ision Build Log</h1>
<h2>Tool Versions:</h2>
IDE-Version: μVision V5.34.0.0
Copyright (C) 2021 ARM Ltd and ARM Germany GmbH. All rights reserved.
License Information:  ,  , LIC=VGXG8-3Q1X4-562Q2-9C8BA-AKND3-42BMP
 
Tool Versions:
Toolchain:       MDK-ARM Plus  Version: 5.34.0.0
Toolchain Path:  D:\keil5\ARM\ARMCC\Bin
C Compiler:      Armcc.exe V5.06 update 7 (build 960)
Assembler:       Armasm.exe V5.06 update 7 (build 960)
Linker/Locator:  ArmLink.exe V5.06 update 7 (build 960)
Library Manager: ArmAr.exe V5.06 update 7 (build 960)
Hex Converter:   FromElf.exe V5.06 update 7 (build 960)
CPU DLL:         SARMCM3.DLL V5.34.0.0
Dialog DLL:      DCM.DLL V1.17.3.0
Target DLL:      STLink\ST-LINKIII-KEIL_SWO.dll V3.0.8.0
Dialog DLL:      TCM.DLL V1.48.0.0
 
<h2>Project:</h2>
C:\Users\murphy\Desktop\wireless_control\Demo_proj.uvprojx
Project File Date:  11/06/2024

<h2>Output:</h2>
*** Using Compiler 'V5.06 update 7 (build 960)', folder: 'D:\keil5\ARM\ARMCC\Bin'
Rebuild target 'Target 1'
compiling core_cm3.c...
compiling stm32f10x_it.c...
compiling LCD_USART3.c...
compiling delay.c...
compiling bat.c...
compiling usart2.c...
compiling usart1.c...
compiling bsp_ws281x.c...
compiling LCD.c...
User\LCD.c(420): warning:  #167-D: argument of type "unsigned char *" is incompatible with parameter of type "const char *restrict"
          sscanf(LCD_USART3.Buff,"#%d#%d#",&temp1,&temp2);
User\LCD.c(420): warning:  #181-D: argument is incompatible with corresponding format string conversion
          sscanf(LCD_USART3.Buff,"#%d#%d#",&temp1,&temp2);
User\LCD.c(420): warning:  #181-D: argument is incompatible with corresponding format string conversion
          sscanf(LCD_USART3.Buff,"#%d#%d#",&temp1,&temp2);
User\LCD.c(505): warning:  #1-D: last line of file ends without a newline
  }
User\LCD.c: 4 warnings, 0 errors
compiling main.c...
assembling startup_stm32f10x_hd.s...
compiling tim.c...
compiling system_stm32f10x.c...
compiling ff.c...
compiling stm32f10x_gpio.c...
compiling stm32f10x_rcc.c...
compiling stm32f10x_dma.c...
compiling misc.c...
compiling stm32f10x_spi.c...
compiling stm32f10x_adc.c...
compiling stm32f10x_tim.c...
compiling diskio.c...
compiling stm32f10x_usart.c...
compiling sd_driver.c...
compiling adc.c...
compiling my_sd.c...
compiling bsp_gpio.c...
BSP\Src\bsp_gpio.c(98): warning:  #1-D: last line of file ends without a newline
  }
BSP\Src\bsp_gpio.c: 1 warning, 0 errors
compiling spi.c...
compiling bsp_key.c...
BSP\Src\bsp_key.c(106): warning:  #223-D: function "memset" declared implicitly
  	memset(keyQueue.Buff, 0x00, KEY_BUF_SIZE);
BSP\Src\bsp_key.c(278): warning:  #223-D: function "memcpy" declared implicitly
                      memcpy(&keyState[DEV1],keyDevState[keyVal-REGION1],6);
BSP\Src\bsp_key.c(285): warning:  #223-D: function "memset" declared implicitly
  						memset(&keyState[DEV1],NO_CON,6);
BSP\Src\bsp_key.c(295): warning:  #223-D: function "memset" declared implicitly
  						memset(&keyState[DEV1],NO_CON,6);
BSP\Src\bsp_key.c(304): warning:  #223-D: function "memcpy" declared implicitly
                  memcpy(&keyState[DEV1],keyDevState[keyVal-REGION1],6);
BSP\Src\bsp_key.c(309): warning:  #223-D: function "memcpy" declared implicitly
  				memcpy(&keyState[DEV1],keyDevState[keyVal-REGION1],6);
BSP\Src\bsp_key.c(378): warning:  #223-D: function "memcpy" declared implicitly
              memcpy(&keyState[DEV1],keyDevState[preRegion-REGION1],6);
BSP\Src\bsp_key.c(411): warning:  #1-D: last line of file ends without a newline
  }
BSP\Src\bsp_key.c(166): warning:  #177-D: variable "j"  was declared but never referenced
      uint8_t i=0,j=0;
BSP\Src\bsp_key.c: 9 warnings, 0 errors
compiling task_hc14.c...
Task\Src\task_hc14.c(141): warning:  #223-D: function "memcpy" declared implicitly
                  memcpy(&keyState[DEV1],keyDevState[temp_dev-1],6);
Task\Src\task_hc14.c: 1 warning, 0 errors
compiling task_ctrl.c...
Task\Src\task_ctrl.c(143): warning:  #223-D: function "memset" declared implicitly
              memset(flag_checkORfire,0,29);
Task\Src\task_ctrl.c(151): warning:  #223-D: function "strstr" declared implicitly
              if(strstr((const char *)Log_Time, "年") != NULL && strstr((const char *)Log_Time, "月") != NULL) 
Task\Src\task_ctrl.c(20): warning:  #546-D: transfer of control bypasses initialization of:
            variable "Log_Time"  (declared at line 150)
      switch(step)
      ^
Task\Src\task_ctrl.c(13): warning:  #177-D: variable "flag1"  was declared but never referenced
      static uint8_t flag1=0;
Task\Src\task_ctrl.c(295): warning:  #223-D: function "memset" declared implicitly
              memset(flag_checkORfire,0,29);
Task\Src\task_ctrl.c(303): warning:  #223-D: function "strstr" declared implicitly
  			while(strstr((const char *)LCD_USART3.Buff, "年")== NULL && j < 25) {
Task\Src\task_ctrl.c(308): warning:  #223-D: function "strstr" declared implicitly
  			if(strstr((const char *)LCD_USART3.Buff, "年") != NULL && strstr((const char *)LCD_USART3.Buff, "月") != NULL) {
Task\Src\task_ctrl.c(188): warning:  #546-D: transfer of control bypasses initialization of:
            variable "j"  (declared at line 302)
      switch(step)
      ^
Task\Src\task_ctrl.c: 8 warnings, 0 errors
linking...
Program Size: Code=24950 RO-data=530 RW-data=200 ZI-data=4080  
FromELF: creating hex file...
".\Objects\Demo_proj.axf" - 0 Error(s), 23 Warning(s).

<h2>Software Packages used:</h2>

Package Vendor: Keil
                http://www.keil.com/pack/Keil.STM32F1xx_DFP.2.3.0.pack
                Keil.STM32F1xx_DFP.2.3.0
                STMicroelectronics STM32F1 Series Device Support, Drivers and Examples

<h2>Collection of Component include folders:</h2>
  D:\keil5\pack\Keil\STM32F1xx_DFP\2.3.0\Device\Include

<h2>Collection of Component Files used:</h2>
Build Time Elapsed:  00:00:04
</pre>
</body>
</html>
